// Jest Snapshot v1, https://goo.gl/fbAQLP

exports[`Render title component Create a snapshot 1`] = `
<div
  className="header"
>
  <button
    className="primary"
    data-testid="btnSort"
  >
    Sort By Name
  </button>
  <button
    className="secondary"
    data-testid="btnNew"
    onClick={[Function]}
  >
    Add new
  </button>
</div>
`;
